
[2026-08-22T10:24:17Z] $ aws ec2 create-security-group --group-name lab-cloud-web-sg --vpc-id vpc-0a0a0905f06de4e9d
sg-016dc5812e9d37de9
[exit=0]

[2026-08-22T10:24:19Z] $ aws ec2 authorize-security-group-ingress --group-id sg-016dc5812e9d37de9 --protocol tcp --port 80 --cidr 0.0.0.0/0
{
    "Return": true,
    "SecurityGroupRules": [
        {
            "SecurityGroupRuleId": "sgr-02a7c7504faf115f6",
            "GroupId": "sg-016dc5812e9d37de9",
            "GroupOwnerId": "746914061605",
            "IsEgress": false,
            "IpProtocol": "tcp",
            "FromPort": 80,
            "ToPort": 80,
            "CidrIpv4": "0.0.0.0/0",
            "SecurityGroupRuleArn": "arn:aws:ec2:ap-northeast-2:746914061605:security-group-rule/sgr-02a7c7504faf115f6"
        }
    ]
}
[exit=0]

[2026-08-22T10:24:20Z] $ aws ec2 authorize-security-group-ingress --group-id sg-016dc5812e9d37de9 --protocol tcp --port 22 --cidr <learner-ip>/32
{
    "Return": true,
    "SecurityGroupRules": [
        {
            "SecurityGroupRuleId": "sgr-0d4c3998ebe1da9ac",
            "GroupId": "sg-016dc5812e9d37de9",
            "GroupOwnerId": "746914061605",
            "IsEgress": false,
            "IpProtocol": "tcp",
            "FromPort": 22,
            "ToPort": 22,
            "CidrIpv4": "121.135.181.35/32",
            "SecurityGroupRuleArn": "arn:aws:ec2:ap-northeast-2:746914061605:security-group-rule/sgr-0d4c3998ebe1da9ac"
        }
    ]
}
[exit=0]

[2026-08-22T10:24:21Z] $ aws ec2 describe-security-groups --group-ids sg-016dc5812e9d37de9 <inbound rules>
[
    {
        "GroupId": "sg-016dc5812e9d37de9",
        "GroupName": "lab-cloud-web-sg",
        "Inbound": [
            {
                "Protocol": "tcp",
                "FromPort": 80,
                "ToPort": 80,
                "CIDRs": [
                    "0.0.0.0/0"
                ]
            },
            {
                "Protocol": "tcp",
                "FromPort": 22,
                "ToPort": 22,
                "CIDRs": [
                    "121.135.181.35/32"
                ]
            }
        ]
    }
]
[exit=0]

[2026-08-26T07:19:20Z] $ aws ec2 create-security-group --group-name lab-cloud-web-sg --vpc-id vpc-0a8db9c511a2ba5fd
sg-06689cb9dcfdc34eb
[exit=0]

[2026-08-26T07:19:21Z] $ aws ec2 authorize-security-group-ingress --group-id sg-06689cb9dcfdc34eb --protocol tcp --port 80 --cidr 0.0.0.0/0
{
    "Return": true,
    "SecurityGroupRules": [
        {
            "SecurityGroupRuleId": "sgr-048d86ec5b21595ba",
            "GroupId": "sg-06689cb9dcfdc34eb",
            "GroupOwnerId": "746914061605",
            "IsEgress": false,
            "IpProtocol": "tcp",
            "FromPort": 80,
            "ToPort": 80,
            "CidrIpv4": "0.0.0.0/0",
            "SecurityGroupRuleArn": "arn:aws:ec2:ap-northeast-2:746914061605:security-group-rule/sgr-048d86ec5b21595ba"
        }
    ]
}
[exit=0]

[2026-08-26T07:19:23Z] $ aws ec2 authorize-security-group-ingress --group-id sg-06689cb9dcfdc34eb --protocol tcp --port 22 --cidr <learner-ip>/32
{
    "Return": true,
    "SecurityGroupRules": [
        {
            "SecurityGroupRuleId": "sgr-0ea0750a0b7997e79",
            "GroupId": "sg-06689cb9dcfdc34eb",
            "GroupOwnerId": "746914061605",
            "IsEgress": false,
            "IpProtocol": "tcp",
            "FromPort": 22,
            "ToPort": 22,
            "CidrIpv4": "121.135.181.35/32",
            "SecurityGroupRuleArn": "arn:aws:ec2:ap-northeast-2:746914061605:security-group-rule/sgr-0ea0750a0b7997e79"
        }
    ]
}
[exit=0]

[2026-08-26T07:19:24Z] $ aws ec2 describe-security-groups --group-ids sg-06689cb9dcfdc34eb <inbound rules>
[
    {
        "GroupId": "sg-06689cb9dcfdc34eb",
        "GroupName": "lab-cloud-web-sg",
        "Inbound": [
            {
                "Protocol": "tcp",
                "FromPort": 80,
                "ToPort": 80,
                "CIDRs": [
                    "0.0.0.0/0"
                ]
            },
            {
                "Protocol": "tcp",
                "FromPort": 22,
                "ToPort": 22,
                "CIDRs": [
                    "121.135.181.35/32"
                ]
            }
        ]
    }
]
[exit=0]
# 명령 설명(사후 주석, 기존 명령·출력·종료 코드는 변경하지 않음)
# create-security-group: 웹과 SSH 접근을 제어할 실습용 Security Group을 생성한다.
# authorize ... port 80: 외부 HTTP 접속을 위해 TCP 80을 전체 IPv4에 허용한다.
# authorize ... port 22: SSH 접속을 학습자 공인 IP 한 개(/32)에만 허용한다.
# describe-security-groups: 실제 인바운드 규칙이 HTTP와 제한된 SSH뿐인지 확인한다.
