
# 설명: 정리 후 활성 상태의 실습 EC2가 0개인지 확인한다.
[2026-08-26T07:49:36Z] $ aws ec2 describe-instances <active project instance count>
0
[exit=0]

# 설명: 정리 후 실습 태그가 붙은 EBS 볼륨이 0개인지 확인한다.
[2026-08-26T07:49:37Z] $ aws ec2 describe-volumes <project volume count>
0
[exit=0]

# 설명: 정리 후 실습 태그가 붙은 Elastic IP가 0개인지 확인한다.
[2026-08-26T07:49:37Z] $ aws ec2 describe-addresses <project Elastic IP count>
0
[exit=0]

# 설명: 정리 후 실습 태그가 붙은 AWS Key Pair가 0개인지 확인한다.
[2026-08-26T07:49:38Z] $ aws ec2 describe-key-pairs <project key pair count>
0
[exit=0]

# 설명: 정리 후 실습 태그가 붙은 Security Group이 0개인지 확인한다.
[2026-08-26T07:49:39Z] $ aws ec2 describe-security-groups <project security group count>
0
[exit=0]

# 설명: 정리 후 실습 태그가 붙은 Route Table이 0개인지 확인한다.
[2026-08-26T07:49:40Z] $ aws ec2 describe-route-tables <project route table count>
0
[exit=0]

# 설명: 정리 후 실습 태그가 붙은 Subnet이 0개인지 확인한다.
[2026-08-26T07:49:41Z] $ aws ec2 describe-subnets <project subnet count>
0
[exit=0]

# 설명: 정리 후 실습 태그가 붙은 Internet Gateway가 0개인지 확인한다.
[2026-08-26T07:49:41Z] $ aws ec2 describe-internet-gateways <project IGW count>
0
[exit=0]

# 설명: 정리 후 실습 태그가 붙은 VPC가 0개인지 확인한다.
[2026-08-26T07:49:42Z] $ aws ec2 describe-vpcs <project VPC count>
0
[exit=0]

# 설명: 모든 실습 서버 리소스가 정리됐고 IAM 자격 증명과 .env는 유지했음을 기록한다.
[2026-08-26T07:49:42Z] cleanup_status=PASS; IAM credentials and .env intentionally retained
[exit=0]
